[1.623s] Invoking command in '/home/dolphiinn/ros2_ws/src/px4_state_reader': PYTHONPATH=/home/dolphiinn/ros2_ws/build/px4_state_reader/prefix_override:/usr/lib/python3/dist-packages/colcon_core/task/python/colcon_distutils_commands:/home/dolphiinn/ros2_ws/install/px4_state_reader/lib/python3.10/site-packages:${PYTHONPATH} /usr/bin/python3 -W ignore:setup.py install is deprecated -W ignore:easy_install command is deprecated setup.py egg_info --egg-base ../../build/px4_state_reader build --build-base /home/dolphiinn/ros2_ws/build/px4_state_reader/build install --record /home/dolphiinn/ros2_ws/build/px4_state_reader/install.log --install-scripts $base/lib/px4_state_reader --single-version-externally-managed install_data
[2.079s] running egg_info
[2.105s] creating ../../build/px4_state_reader/px4_state_reader.egg-info
[2.105s] writing ../../build/px4_state_reader/px4_state_reader.egg-info/PKG-INFO
[2.107s] writing dependency_links to ../../build/px4_state_reader/px4_state_reader.egg-info/dependency_links.txt
[2.107s] writing entry points to ../../build/px4_state_reader/px4_state_reader.egg-info/entry_points.txt
[2.107s] writing requirements to ../../build/px4_state_reader/px4_state_reader.egg-info/requires.txt
[2.107s] writing top-level names to ../../build/px4_state_reader/px4_state_reader.egg-info/top_level.txt
[2.108s] writing manifest file '../../build/px4_state_reader/px4_state_reader.egg-info/SOURCES.txt'
[2.164s] reading manifest file '../../build/px4_state_reader/px4_state_reader.egg-info/SOURCES.txt'
[2.166s] writing manifest file '../../build/px4_state_reader/px4_state_reader.egg-info/SOURCES.txt'
[2.166s] running build
[2.167s] running build_py
[2.167s] creating /home/dolphiinn/ros2_ws/build/px4_state_reader/build/lib/px4_state_reader
[2.167s] copying px4_state_reader/__init__.py -> /home/dolphiinn/ros2_ws/build/px4_state_reader/build/lib/px4_state_reader
[2.168s] copying px4_state_reader/state_reader.py -> /home/dolphiinn/ros2_ws/build/px4_state_reader/build/lib/px4_state_reader
[2.168s] running install
[2.177s] running install_lib
[2.202s] creating /home/dolphiinn/ros2_ws/install/px4_state_reader/lib/python3.10/site-packages/px4_state_reader
[2.203s] copying /home/dolphiinn/ros2_ws/build/px4_state_reader/build/lib/px4_state_reader/__init__.py -> /home/dolphiinn/ros2_ws/install/px4_state_reader/lib/python3.10/site-packages/px4_state_reader
[2.203s] copying /home/dolphiinn/ros2_ws/build/px4_state_reader/build/lib/px4_state_reader/state_reader.py -> /home/dolphiinn/ros2_ws/install/px4_state_reader/lib/python3.10/site-packages/px4_state_reader
[2.203s] byte-compiling /home/dolphiinn/ros2_ws/install/px4_state_reader/lib/python3.10/site-packages/px4_state_reader/__init__.py to __init__.cpython-310.pyc
[2.204s] byte-compiling /home/dolphiinn/ros2_ws/install/px4_state_reader/lib/python3.10/site-packages/px4_state_reader/state_reader.py to state_reader.cpython-310.pyc
[2.205s] running install_data
[2.205s] creating /home/dolphiinn/ros2_ws/install/px4_state_reader/share/ament_index/resource_index/packages
[2.205s] copying resource/px4_state_reader -> /home/dolphiinn/ros2_ws/install/px4_state_reader/share/ament_index/resource_index/packages
[2.206s] copying package.xml -> /home/dolphiinn/ros2_ws/install/px4_state_reader/share/px4_state_reader
[2.206s] running install_egg_info
[2.235s] Copying ../../build/px4_state_reader/px4_state_reader.egg-info to /home/dolphiinn/ros2_ws/install/px4_state_reader/lib/python3.10/site-packages/px4_state_reader-0.0.0-py3.10.egg-info
[2.236s] running install_scripts
[2.294s] Installing state_reader script to /home/dolphiinn/ros2_ws/install/px4_state_reader/lib/px4_state_reader
[2.295s] writing list of installed files to '/home/dolphiinn/ros2_ws/build/px4_state_reader/install.log'
[2.338s] Invoked command in '/home/dolphiinn/ros2_ws/src/px4_state_reader' returned '0': PYTHONPATH=/home/dolphiinn/ros2_ws/build/px4_state_reader/prefix_override:/usr/lib/python3/dist-packages/colcon_core/task/python/colcon_distutils_commands:/home/dolphiinn/ros2_ws/install/px4_state_reader/lib/python3.10/site-packages:${PYTHONPATH} /usr/bin/python3 -W ignore:setup.py install is deprecated -W ignore:easy_install command is deprecated setup.py egg_info --egg-base ../../build/px4_state_reader build --build-base /home/dolphiinn/ros2_ws/build/px4_state_reader/build install --record /home/dolphiinn/ros2_ws/build/px4_state_reader/install.log --install-scripts $base/lib/px4_state_reader --single-version-externally-managed install_data
