[0.228s] DEBUG:colcon:Command line arguments: ['/usr/bin/colcon', 'build', '--symlink-install', '--packages-select', 'px4_state_reader']
[0.228s] DEBUG:colcon:Parsed command line arguments: Namespace(log_base=None, log_level=None, verb_name='build', build_base='build', install_base='install', merge_install=False, symlink_install=True, test_result_base=None, continue_on_error=False, executor='parallel', parallel_workers=8, event_handlers=None, ignore_user_meta=False, metas=['./colcon.meta'], base_paths=['.'], packages_ignore=None, packages_ignore_regex=None, paths=None, packages_up_to=None, packages_up_to_regex=None, packages_above=None, packages_above_and_dependencies=None, packages_above_depth=None, packages_select_by_dep=None, packages_skip_by_dep=None, packages_skip_up_to=None, packages_select_build_failed=False, packages_skip_build_finished=False, packages_select_test_failures=False, packages_skip_test_passed=False, packages_select=['px4_state_reader'], packages_skip=None, packages_select_regex=None, packages_skip_regex=None, packages_start=None, packages_end=None, allow_overriding=[], cmake_args=None, cmake_target=None, cmake_target_skip_unavailable=False, cmake_clean_cache=False, cmake_clean_first=False, cmake_force_configure=False, ament_cmake_args=None, catkin_cmake_args=None, catkin_skip_building_tests=False, mixin_files=None, mixin=None, verb_parser=<colcon_mixin.mixin.mixin_argument.MixinArgumentDecorator object at 0x796327d5bfa0>, verb_extension=<colcon_core.verb.build.BuildVerb object at 0x796327e998d0>, main=<bound method BuildVerb.main of <colcon_core.verb.build.BuildVerb object at 0x796327e998d0>>, mixin_verb=('build',))
[0.334s] Level 1:colcon.colcon_core.package_discovery:discover_packages(colcon_meta) check parameters
[0.334s] Level 1:colcon.colcon_core.package_discovery:discover_packages(recursive) check parameters
[0.334s] Level 1:colcon.colcon_core.package_discovery:discover_packages(ignore) check parameters
[0.334s] Level 1:colcon.colcon_core.package_discovery:discover_packages(path) check parameters
[0.335s] Level 1:colcon.colcon_core.package_discovery:discover_packages(colcon_meta) discover
[0.335s] Level 1:colcon.colcon_core.package_discovery:discover_packages(recursive) discover
[0.335s] INFO:colcon.colcon_core.package_discovery:Crawling recursively for packages in '/home/dolphiinn/ros2_ws'
[0.335s] Level 1:colcon.colcon_core.package_identification:_identify(.) by extensions ['ignore', 'ignore_ament_install']
[0.335s] Level 1:colcon.colcon_core.package_identification:_identify(.) by extension 'ignore'
[0.335s] Level 1:colcon.colcon_core.package_identification:_identify(.) by extension 'ignore_ament_install'
[0.336s] Level 1:colcon.colcon_core.package_identification:_identify(.) by extensions ['colcon_pkg']
[0.336s] Level 1:colcon.colcon_core.package_identification:_identify(.) by extension 'colcon_pkg'
[0.336s] Level 1:colcon.colcon_core.package_identification:_identify(.) by extensions ['colcon_meta']
[0.336s] Level 1:colcon.colcon_core.package_identification:_identify(.) by extension 'colcon_meta'
[0.336s] Level 1:colcon.colcon_core.package_identification:_identify(.) by extensions ['ros']
[0.336s] Level 1:colcon.colcon_core.package_identification:_identify(.) by extension 'ros'
[0.373s] Level 1:colcon.colcon_core.package_identification:_identify(.) by extensions ['cmake', 'python']
[0.374s] Level 1:colcon.colcon_core.package_identification:_identify(.) by extension 'cmake'
[0.374s] Level 1:colcon.colcon_core.package_identification:_identify(.) by extension 'python'
[0.374s] Level 1:colcon.colcon_core.package_identification:_identify(.) by extensions ['python_setup_py']
[0.374s] Level 1:colcon.colcon_core.package_identification:_identify(.) by extension 'python_setup_py'
[0.374s] Level 1:colcon.colcon_core.package_identification:_identify(build) by extensions ['ignore', 'ignore_ament_install']
[0.375s] Level 1:colcon.colcon_core.package_identification:_identify(build) by extension 'ignore'
[0.375s] Level 1:colcon.colcon_core.package_identification:_identify(build) ignored
[0.375s] Level 1:colcon.colcon_core.package_identification:_identify(install) by extensions ['ignore', 'ignore_ament_install']
[0.375s] Level 1:colcon.colcon_core.package_identification:_identify(install) by extension 'ignore'
[0.375s] Level 1:colcon.colcon_core.package_identification:_identify(install) ignored
[0.376s] Level 1:colcon.colcon_core.package_identification:_identify(log) by extensions ['ignore', 'ignore_ament_install']
[0.376s] Level 1:colcon.colcon_core.package_identification:_identify(log) by extension 'ignore'
[0.376s] Level 1:colcon.colcon_core.package_identification:_identify(log) ignored
[0.376s] Level 1:colcon.colcon_core.package_identification:_identify(src) by extensions ['ignore', 'ignore_ament_install']
[0.376s] Level 1:colcon.colcon_core.package_identification:_identify(src) by extension 'ignore'
[0.376s] Level 1:colcon.colcon_core.package_identification:_identify(src) by extension 'ignore_ament_install'
[0.376s] Level 1:colcon.colcon_core.package_identification:_identify(src) by extensions ['colcon_pkg']
[0.376s] Level 1:colcon.colcon_core.package_identification:_identify(src) by extension 'colcon_pkg'
[0.376s] Level 1:colcon.colcon_core.package_identification:_identify(src) by extensions ['colcon_meta']
[0.377s] Level 1:colcon.colcon_core.package_identification:_identify(src) by extension 'colcon_meta'
[0.377s] Level 1:colcon.colcon_core.package_identification:_identify(src) by extensions ['ros']
[0.377s] Level 1:colcon.colcon_core.package_identification:_identify(src) by extension 'ros'
[0.377s] Level 1:colcon.colcon_core.package_identification:_identify(src) by extensions ['cmake', 'python']
[0.377s] Level 1:colcon.colcon_core.package_identification:_identify(src) by extension 'cmake'
[0.377s] Level 1:colcon.colcon_core.package_identification:_identify(src) by extension 'python'
[0.377s] Level 1:colcon.colcon_core.package_identification:_identify(src) by extensions ['python_setup_py']
[0.377s] Level 1:colcon.colcon_core.package_identification:_identify(src) by extension 'python_setup_py'
[0.377s] Level 1:colcon.colcon_core.package_identification:_identify(src/px4_msgs) by extensions ['ignore', 'ignore_ament_install']
[0.378s] Level 1:colcon.colcon_core.package_identification:_identify(src/px4_msgs) by extension 'ignore'
[0.378s] Level 1:colcon.colcon_core.package_identification:_identify(src/px4_msgs) by extension 'ignore_ament_install'
[0.378s] Level 1:colcon.colcon_core.package_identification:_identify(src/px4_msgs) by extensions ['colcon_pkg']
[0.378s] Level 1:colcon.colcon_core.package_identification:_identify(src/px4_msgs) by extension 'colcon_pkg'
[0.378s] Level 1:colcon.colcon_core.package_identification:_identify(src/px4_msgs) by extensions ['colcon_meta']
[0.378s] Level 1:colcon.colcon_core.package_identification:_identify(src/px4_msgs) by extension 'colcon_meta'
[0.378s] Level 1:colcon.colcon_core.package_identification:_identify(src/px4_msgs) by extensions ['ros']
[0.378s] Level 1:colcon.colcon_core.package_identification:_identify(src/px4_msgs) by extension 'ros'
[0.384s] DEBUG:colcon.colcon_core.package_identification:Package 'src/px4_msgs' with type 'ros.ament_cmake' and name 'px4_msgs'
[0.385s] Level 1:colcon.colcon_core.package_identification:_identify(src/px4_state_reader) by extensions ['ignore', 'ignore_ament_install']
[0.385s] Level 1:colcon.colcon_core.package_identification:_identify(src/px4_state_reader) by extension 'ignore'
[0.385s] Level 1:colcon.colcon_core.package_identification:_identify(src/px4_state_reader) by extension 'ignore_ament_install'
[0.385s] Level 1:colcon.colcon_core.package_identification:_identify(src/px4_state_reader) by extensions ['colcon_pkg']
[0.385s] Level 1:colcon.colcon_core.package_identification:_identify(src/px4_state_reader) by extension 'colcon_pkg'
[0.385s] Level 1:colcon.colcon_core.package_identification:_identify(src/px4_state_reader) by extensions ['colcon_meta']
[0.385s] Level 1:colcon.colcon_core.package_identification:_identify(src/px4_state_reader) by extension 'colcon_meta'
[0.386s] Level 1:colcon.colcon_core.package_identification:_identify(src/px4_state_reader) by extensions ['ros']
[0.386s] Level 1:colcon.colcon_core.package_identification:_identify(src/px4_state_reader) by extension 'ros'
[0.387s] DEBUG:colcon.colcon_core.package_identification:Package 'src/px4_state_reader' with type 'ros.ament_python' and name 'px4_state_reader'
[0.387s] Level 1:colcon.colcon_core.package_discovery:discover_packages(recursive) using defaults
[0.387s] Level 1:colcon.colcon_core.package_discovery:discover_packages(ignore) discover
[0.387s] Level 1:colcon.colcon_core.package_discovery:discover_packages(ignore) using defaults
[0.387s] Level 1:colcon.colcon_core.package_discovery:discover_packages(path) discover
[0.387s] Level 1:colcon.colcon_core.package_discovery:discover_packages(path) using defaults
[0.427s] INFO:colcon.colcon_core.package_selection:Skipping not selected package 'px4_msgs' in 'src/px4_msgs'
[0.428s] Level 1:colcon.colcon_core.package_discovery:discover_packages(prefix_path) check parameters
[0.428s] Level 1:colcon.colcon_core.package_discovery:discover_packages(prefix_path) discover
[0.431s] DEBUG:colcon.colcon_installed_package_information.package_discovery:Found 1 installed packages in /home/dolphiinn/ros2_ws/install
[0.434s] DEBUG:colcon.colcon_installed_package_information.package_discovery:Found 321 installed packages in /opt/ros/humble
[0.437s] Level 1:colcon.colcon_core.package_discovery:discover_packages(prefix_path) using defaults
[0.507s] Level 5:colcon.colcon_core.verb:set package 'px4_state_reader' build argument 'cmake_args' from command line to 'None'
[0.507s] Level 5:colcon.colcon_core.verb:set package 'px4_state_reader' build argument 'cmake_target' from command line to 'None'
[0.507s] Level 5:colcon.colcon_core.verb:set package 'px4_state_reader' build argument 'cmake_target_skip_unavailable' from command line to 'False'
[0.507s] Level 5:colcon.colcon_core.verb:set package 'px4_state_reader' build argument 'cmake_clean_cache' from command line to 'False'
[0.507s] Level 5:colcon.colcon_core.verb:set package 'px4_state_reader' build argument 'cmake_clean_first' from command line to 'False'
[0.507s] Level 5:colcon.colcon_core.verb:set package 'px4_state_reader' build argument 'cmake_force_configure' from command line to 'False'
[0.507s] Level 5:colcon.colcon_core.verb:set package 'px4_state_reader' build argument 'ament_cmake_args' from command line to 'None'
[0.507s] Level 5:colcon.colcon_core.verb:set package 'px4_state_reader' build argument 'catkin_cmake_args' from command line to 'None'
[0.507s] Level 5:colcon.colcon_core.verb:set package 'px4_state_reader' build argument 'catkin_skip_building_tests' from command line to 'False'
[0.507s] DEBUG:colcon.colcon_core.verb:Building package 'px4_state_reader' with the following arguments: {'ament_cmake_args': None, 'build_base': '/home/dolphiinn/ros2_ws/build/px4_state_reader', 'catkin_cmake_args': None, 'catkin_skip_building_tests': False, 'cmake_args': None, 'cmake_clean_cache': False, 'cmake_clean_first': False, 'cmake_force_configure': False, 'cmake_target': None, 'cmake_target_skip_unavailable': False, 'install_base': '/home/dolphiinn/ros2_ws/install/px4_state_reader', 'merge_install': False, 'path': '/home/dolphiinn/ros2_ws/src/px4_state_reader', 'symlink_install': True, 'test_result_base': None}
[0.508s] INFO:colcon.colcon_core.executor:Executing jobs using 'parallel' executor
[0.510s] DEBUG:colcon.colcon_parallel_executor.executor.parallel:run_until_complete
[0.510s] INFO:colcon.colcon_ros.task.ament_python.build:Building ROS package in '/home/dolphiinn/ros2_ws/src/px4_state_reader' with build type 'ament_python'
[0.511s] Level 1:colcon.colcon_core.shell:create_environment_hook('px4_state_reader', 'ament_prefix_path')
[0.514s] INFO:colcon.colcon_core.plugin_system:Skipping extension 'colcon_core.shell.bat': Not used on non-Windows systems
[0.514s] INFO:colcon.colcon_core.shell:Creating environment hook '/home/dolphiinn/ros2_ws/install/px4_state_reader/share/px4_state_reader/hook/ament_prefix_path.ps1'
[0.516s] INFO:colcon.colcon_core.shell:Creating environment descriptor '/home/dolphiinn/ros2_ws/install/px4_state_reader/share/px4_state_reader/hook/ament_prefix_path.dsv'
[0.516s] INFO:colcon.colcon_core.shell:Creating environment hook '/home/dolphiinn/ros2_ws/install/px4_state_reader/share/px4_state_reader/hook/ament_prefix_path.sh'
[0.518s] INFO:colcon.colcon_core.shell:Skip shell extension 'powershell' for command environment: Not usable outside of PowerShell
[0.518s] DEBUG:colcon.colcon_core.shell:Skip shell extension 'dsv' for command environment
[0.927s] INFO:colcon.colcon_core.task.python.build:Building Python package in '/home/dolphiinn/ros2_ws/src/px4_state_reader'
[0.927s] INFO:colcon.colcon_core.shell:Skip shell extension 'powershell' for command environment: Not usable outside of PowerShell
[0.928s] DEBUG:colcon.colcon_core.shell:Skip shell extension 'dsv' for command environment
[1.714s] DEBUG:colcon.colcon_core.task.python.build:Available setuptools commands: compile_catalog, install_lib, rotate, update_catalog, build_ext, build_py, bdist_wheel, bdist_dumb, build_clib, sdist, init_catalog, install_egg_info, clean, install_data, easy_install, check, install_scripts, bdist_egg, develop, build, bdist_rpm, build_scripts, install, setopt, egg_info, dist_info, bdist, saveopts, install_headers, extract_messages, symlink_data, alias, editable_wheel
[2.129s] DEBUG:colcon.colcon_core.task.python.build:Available setuptools 'develop' options: --no-user-cfg, --install-dir, --quiet, --no-deps, --user, --index-url, --prefix, --help, --verbose
[2.129s] INFO:colcon.colcon_core.task.python.build:No '--editable' capability in setuptools, falling back to full install
[2.135s] DEBUG:colcon.colcon_core.event_handler.log_command:Invoking command in '/home/dolphiinn/ros2_ws/src/px4_state_reader': PYTHONPATH=/home/dolphiinn/ros2_ws/build/px4_state_reader/prefix_override:/usr/lib/python3/dist-packages/colcon_core/task/python/colcon_distutils_commands:/home/dolphiinn/ros2_ws/install/px4_state_reader/lib/python3.10/site-packages:${PYTHONPATH} /usr/bin/python3 -W ignore:setup.py install is deprecated -W ignore:easy_install command is deprecated setup.py egg_info --egg-base ../../build/px4_state_reader build --build-base /home/dolphiinn/ros2_ws/build/px4_state_reader/build install --record /home/dolphiinn/ros2_ws/build/px4_state_reader/install.log --install-scripts $base/lib/px4_state_reader --single-version-externally-managed install_data
[2.850s] DEBUG:colcon.colcon_core.event_handler.log_command:Invoked command in '/home/dolphiinn/ros2_ws/src/px4_state_reader' returned '0': PYTHONPATH=/home/dolphiinn/ros2_ws/build/px4_state_reader/prefix_override:/usr/lib/python3/dist-packages/colcon_core/task/python/colcon_distutils_commands:/home/dolphiinn/ros2_ws/install/px4_state_reader/lib/python3.10/site-packages:${PYTHONPATH} /usr/bin/python3 -W ignore:setup.py install is deprecated -W ignore:easy_install command is deprecated setup.py egg_info --egg-base ../../build/px4_state_reader build --build-base /home/dolphiinn/ros2_ws/build/px4_state_reader/build install --record /home/dolphiinn/ros2_ws/build/px4_state_reader/install.log --install-scripts $base/lib/px4_state_reader --single-version-externally-managed install_data
[2.853s] Level 1:colcon.colcon_core.environment:checking '/home/dolphiinn/ros2_ws/install/px4_state_reader' for CMake module files
[2.853s] Level 1:colcon.colcon_core.environment:checking '/home/dolphiinn/ros2_ws/install/px4_state_reader' for CMake config files
[2.855s] Level 1:colcon.colcon_core.environment:checking '/home/dolphiinn/ros2_ws/install/px4_state_reader/lib'
[2.855s] Level 1:colcon.colcon_core.environment:checking '/home/dolphiinn/ros2_ws/install/px4_state_reader/bin'
[2.855s] Level 1:colcon.colcon_core.environment:checking '/home/dolphiinn/ros2_ws/install/px4_state_reader/lib/pkgconfig/px4_state_reader.pc'
[2.856s] Level 1:colcon.colcon_core.environment:checking '/home/dolphiinn/ros2_ws/install/px4_state_reader/lib/python3.10/site-packages'
[2.856s] Level 1:colcon.colcon_core.shell:create_environment_hook('px4_state_reader', 'pythonpath')
[2.856s] INFO:colcon.colcon_core.shell:Creating environment hook '/home/dolphiinn/ros2_ws/install/px4_state_reader/share/px4_state_reader/hook/pythonpath.ps1'
[2.857s] INFO:colcon.colcon_core.shell:Creating environment descriptor '/home/dolphiinn/ros2_ws/install/px4_state_reader/share/px4_state_reader/hook/pythonpath.dsv'
[2.858s] INFO:colcon.colcon_core.shell:Creating environment hook '/home/dolphiinn/ros2_ws/install/px4_state_reader/share/px4_state_reader/hook/pythonpath.sh'
[2.859s] Level 1:colcon.colcon_core.environment:checking '/home/dolphiinn/ros2_ws/install/px4_state_reader/bin'
[2.859s] Level 1:colcon.colcon_core.environment:create_environment_scripts_only(px4_state_reader)
[2.860s] INFO:colcon.colcon_core.shell:Creating package script '/home/dolphiinn/ros2_ws/install/px4_state_reader/share/px4_state_reader/package.ps1'
[2.862s] INFO:colcon.colcon_core.shell:Creating package descriptor '/home/dolphiinn/ros2_ws/install/px4_state_reader/share/px4_state_reader/package.dsv'
[2.863s] INFO:colcon.colcon_core.shell:Creating package script '/home/dolphiinn/ros2_ws/install/px4_state_reader/share/px4_state_reader/package.sh'
[2.864s] INFO:colcon.colcon_core.shell:Creating package script '/home/dolphiinn/ros2_ws/install/px4_state_reader/share/px4_state_reader/package.bash'
[2.865s] INFO:colcon.colcon_core.shell:Creating package script '/home/dolphiinn/ros2_ws/install/px4_state_reader/share/px4_state_reader/package.zsh'
[2.866s] Level 1:colcon.colcon_core.environment:create_file_with_runtime_dependencies(/home/dolphiinn/ros2_ws/install/px4_state_reader/share/colcon-core/packages/px4_state_reader)
[2.867s] DEBUG:colcon.colcon_parallel_executor.executor.parallel:closing loop
[2.867s] DEBUG:colcon.colcon_parallel_executor.executor.parallel:loop closed
[2.867s] DEBUG:colcon.colcon_parallel_executor.executor.parallel:run_until_complete finished with '0'
[2.867s] DEBUG:colcon.colcon_core.event_reactor:joining thread
[2.876s] INFO:colcon.colcon_core.plugin_system:Skipping extension 'colcon_notification.desktop_notification.terminal_notifier': Not used on non-Darwin systems
[2.876s] INFO:colcon.colcon_core.plugin_system:Skipping extension 'colcon_notification.desktop_notification.win32': Not used on non-Windows systems
[2.876s] INFO:colcon.colcon_notification.desktop_notification:Sending desktop notification using 'notify2'
[2.898s] DEBUG:colcon.colcon_core.event_reactor:joined thread
[2.899s] INFO:colcon.colcon_core.shell:Creating prefix script '/home/dolphiinn/ros2_ws/install/local_setup.ps1'
[2.901s] INFO:colcon.colcon_core.shell:Creating prefix util module '/home/dolphiinn/ros2_ws/install/_local_setup_util_ps1.py'
[2.905s] INFO:colcon.colcon_core.shell:Creating prefix chain script '/home/dolphiinn/ros2_ws/install/setup.ps1'
[2.907s] INFO:colcon.colcon_core.shell:Creating prefix script '/home/dolphiinn/ros2_ws/install/local_setup.sh'
[2.908s] INFO:colcon.colcon_core.shell:Creating prefix util module '/home/dolphiinn/ros2_ws/install/_local_setup_util_sh.py'
[2.909s] INFO:colcon.colcon_core.shell:Creating prefix chain script '/home/dolphiinn/ros2_ws/install/setup.sh'
[2.911s] INFO:colcon.colcon_core.shell:Creating prefix script '/home/dolphiinn/ros2_ws/install/local_setup.bash'
[2.912s] INFO:colcon.colcon_core.shell:Creating prefix chain script '/home/dolphiinn/ros2_ws/install/setup.bash'
[2.914s] INFO:colcon.colcon_core.shell:Creating prefix script '/home/dolphiinn/ros2_ws/install/local_setup.zsh'
[2.915s] INFO:colcon.colcon_core.shell:Creating prefix chain script '/home/dolphiinn/ros2_ws/install/setup.zsh'
