[0.192s] DEBUG:colcon:Command line arguments: ['/usr/bin/colcon', 'build', '--symlink-install', '--packages-select', 'px4_msgs']
[0.192s] DEBUG:colcon:Parsed command line arguments: Namespace(log_base=None, log_level=None, verb_name='build', build_base='build', install_base='install', merge_install=False, symlink_install=True, test_result_base=None, continue_on_error=False, executor='parallel', parallel_workers=8, event_handlers=None, ignore_user_meta=False, metas=['./colcon.meta'], base_paths=['.'], packages_ignore=None, packages_ignore_regex=None, paths=None, packages_up_to=None, packages_up_to_regex=None, packages_above=None, packages_above_and_dependencies=None, packages_above_depth=None, packages_select_by_dep=None, packages_skip_by_dep=None, packages_skip_up_to=None, packages_select_build_failed=False, packages_skip_build_finished=False, packages_select_test_failures=False, packages_skip_test_passed=False, packages_select=['px4_msgs'], packages_skip=None, packages_select_regex=None, packages_skip_regex=None, packages_start=None, packages_end=None, allow_overriding=[], cmake_args=None, cmake_target=None, cmake_target_skip_unavailable=False, cmake_clean_cache=False, cmake_clean_first=False, cmake_force_configure=False, ament_cmake_args=None, catkin_cmake_args=None, catkin_skip_building_tests=False, mixin_files=None, mixin=None, verb_parser=<colcon_mixin.mixin.mixin_argument.MixinArgumentDecorator object at 0x786426a27eb0>, verb_extension=<colcon_core.verb.build.BuildVerb object at 0x786426ba57e0>, main=<bound method BuildVerb.main of <colcon_core.verb.build.BuildVerb object at 0x786426ba57e0>>, mixin_verb=('build',))
[0.279s] Level 1:colcon.colcon_core.package_discovery:discover_packages(colcon_meta) check parameters
[0.279s] Level 1:colcon.colcon_core.package_discovery:discover_packages(recursive) check parameters
[0.279s] Level 1:colcon.colcon_core.package_discovery:discover_packages(ignore) check parameters
[0.279s] Level 1:colcon.colcon_core.package_discovery:discover_packages(path) check parameters
[0.279s] Level 1:colcon.colcon_core.package_discovery:discover_packages(colcon_meta) discover
[0.279s] Level 1:colcon.colcon_core.package_discovery:discover_packages(recursive) discover
[0.279s] INFO:colcon.colcon_core.package_discovery:Crawling recursively for packages in '/home/dolphiinn/ros2_ws'
[0.279s] Level 1:colcon.colcon_core.package_identification:_identify(.) by extensions ['ignore', 'ignore_ament_install']
[0.279s] Level 1:colcon.colcon_core.package_identification:_identify(.) by extension 'ignore'
[0.279s] Level 1:colcon.colcon_core.package_identification:_identify(.) by extension 'ignore_ament_install'
[0.279s] Level 1:colcon.colcon_core.package_identification:_identify(.) by extensions ['colcon_pkg']
[0.280s] Level 1:colcon.colcon_core.package_identification:_identify(.) by extension 'colcon_pkg'
[0.280s] Level 1:colcon.colcon_core.package_identification:_identify(.) by extensions ['colcon_meta']
[0.280s] Level 1:colcon.colcon_core.package_identification:_identify(.) by extension 'colcon_meta'
[0.280s] Level 1:colcon.colcon_core.package_identification:_identify(.) by extensions ['ros']
[0.280s] Level 1:colcon.colcon_core.package_identification:_identify(.) by extension 'ros'
[0.304s] Level 1:colcon.colcon_core.package_identification:_identify(.) by extensions ['cmake', 'python']
[0.304s] Level 1:colcon.colcon_core.package_identification:_identify(.) by extension 'cmake'
[0.304s] Level 1:colcon.colcon_core.package_identification:_identify(.) by extension 'python'
[0.304s] Level 1:colcon.colcon_core.package_identification:_identify(.) by extensions ['python_setup_py']
[0.304s] Level 1:colcon.colcon_core.package_identification:_identify(.) by extension 'python_setup_py'
[0.304s] Level 1:colcon.colcon_core.package_identification:_identify(build) by extensions ['ignore', 'ignore_ament_install']
[0.305s] Level 1:colcon.colcon_core.package_identification:_identify(build) by extension 'ignore'
[0.305s] Level 1:colcon.colcon_core.package_identification:_identify(build) ignored
[0.305s] Level 1:colcon.colcon_core.package_identification:_identify(install) by extensions ['ignore', 'ignore_ament_install']
[0.305s] Level 1:colcon.colcon_core.package_identification:_identify(install) by extension 'ignore'
[0.305s] Level 1:colcon.colcon_core.package_identification:_identify(install) ignored
[0.305s] Level 1:colcon.colcon_core.package_identification:_identify(log) by extensions ['ignore', 'ignore_ament_install']
[0.305s] Level 1:colcon.colcon_core.package_identification:_identify(log) by extension 'ignore'
[0.305s] Level 1:colcon.colcon_core.package_identification:_identify(log) ignored
[0.305s] Level 1:colcon.colcon_core.package_identification:_identify(src) by extensions ['ignore', 'ignore_ament_install']
[0.305s] Level 1:colcon.colcon_core.package_identification:_identify(src) by extension 'ignore'
[0.305s] Level 1:colcon.colcon_core.package_identification:_identify(src) by extension 'ignore_ament_install'
[0.306s] Level 1:colcon.colcon_core.package_identification:_identify(src) by extensions ['colcon_pkg']
[0.306s] Level 1:colcon.colcon_core.package_identification:_identify(src) by extension 'colcon_pkg'
[0.306s] Level 1:colcon.colcon_core.package_identification:_identify(src) by extensions ['colcon_meta']
[0.306s] Level 1:colcon.colcon_core.package_identification:_identify(src) by extension 'colcon_meta'
[0.306s] Level 1:colcon.colcon_core.package_identification:_identify(src) by extensions ['ros']
[0.306s] Level 1:colcon.colcon_core.package_identification:_identify(src) by extension 'ros'
[0.306s] Level 1:colcon.colcon_core.package_identification:_identify(src) by extensions ['cmake', 'python']
[0.306s] Level 1:colcon.colcon_core.package_identification:_identify(src) by extension 'cmake'
[0.306s] Level 1:colcon.colcon_core.package_identification:_identify(src) by extension 'python'
[0.306s] Level 1:colcon.colcon_core.package_identification:_identify(src) by extensions ['python_setup_py']
[0.306s] Level 1:colcon.colcon_core.package_identification:_identify(src) by extension 'python_setup_py'
[0.306s] Level 1:colcon.colcon_core.package_identification:_identify(src/px4_msgs) by extensions ['ignore', 'ignore_ament_install']
[0.306s] Level 1:colcon.colcon_core.package_identification:_identify(src/px4_msgs) by extension 'ignore'
[0.306s] Level 1:colcon.colcon_core.package_identification:_identify(src/px4_msgs) by extension 'ignore_ament_install'
[0.306s] Level 1:colcon.colcon_core.package_identification:_identify(src/px4_msgs) by extensions ['colcon_pkg']
[0.306s] Level 1:colcon.colcon_core.package_identification:_identify(src/px4_msgs) by extension 'colcon_pkg'
[0.306s] Level 1:colcon.colcon_core.package_identification:_identify(src/px4_msgs) by extensions ['colcon_meta']
[0.306s] Level 1:colcon.colcon_core.package_identification:_identify(src/px4_msgs) by extension 'colcon_meta'
[0.307s] Level 1:colcon.colcon_core.package_identification:_identify(src/px4_msgs) by extensions ['ros']
[0.307s] Level 1:colcon.colcon_core.package_identification:_identify(src/px4_msgs) by extension 'ros'
[0.312s] DEBUG:colcon.colcon_core.package_identification:Package 'src/px4_msgs' with type 'ros.ament_cmake' and name 'px4_msgs'
[0.312s] Level 1:colcon.colcon_core.package_discovery:discover_packages(recursive) using defaults
[0.312s] Level 1:colcon.colcon_core.package_discovery:discover_packages(ignore) discover
[0.312s] Level 1:colcon.colcon_core.package_discovery:discover_packages(ignore) using defaults
[0.312s] Level 1:colcon.colcon_core.package_discovery:discover_packages(path) discover
[0.312s] Level 1:colcon.colcon_core.package_discovery:discover_packages(path) using defaults
[0.349s] Level 1:colcon.colcon_core.package_discovery:discover_packages(prefix_path) check parameters
[0.349s] Level 1:colcon.colcon_core.package_discovery:discover_packages(prefix_path) discover
[0.353s] DEBUG:colcon.colcon_installed_package_information.package_discovery:Found 321 installed packages in /opt/ros/humble
[0.356s] Level 1:colcon.colcon_core.package_discovery:discover_packages(prefix_path) using defaults
[0.410s] Level 5:colcon.colcon_core.verb:set package 'px4_msgs' build argument 'cmake_args' from command line to 'None'
[0.411s] Level 5:colcon.colcon_core.verb:set package 'px4_msgs' build argument 'cmake_target' from command line to 'None'
[0.411s] Level 5:colcon.colcon_core.verb:set package 'px4_msgs' build argument 'cmake_target_skip_unavailable' from command line to 'False'
[0.411s] Level 5:colcon.colcon_core.verb:set package 'px4_msgs' build argument 'cmake_clean_cache' from command line to 'False'
[0.411s] Level 5:colcon.colcon_core.verb:set package 'px4_msgs' build argument 'cmake_clean_first' from command line to 'False'
[0.411s] Level 5:colcon.colcon_core.verb:set package 'px4_msgs' build argument 'cmake_force_configure' from command line to 'False'
[0.411s] Level 5:colcon.colcon_core.verb:set package 'px4_msgs' build argument 'ament_cmake_args' from command line to 'None'
[0.411s] Level 5:colcon.colcon_core.verb:set package 'px4_msgs' build argument 'catkin_cmake_args' from command line to 'None'
[0.411s] Level 5:colcon.colcon_core.verb:set package 'px4_msgs' build argument 'catkin_skip_building_tests' from command line to 'False'
[0.411s] DEBUG:colcon.colcon_core.verb:Building package 'px4_msgs' with the following arguments: {'ament_cmake_args': None, 'build_base': '/home/dolphiinn/ros2_ws/build/px4_msgs', 'catkin_cmake_args': None, 'catkin_skip_building_tests': False, 'cmake_args': None, 'cmake_clean_cache': False, 'cmake_clean_first': False, 'cmake_force_configure': False, 'cmake_target': None, 'cmake_target_skip_unavailable': False, 'install_base': '/home/dolphiinn/ros2_ws/install/px4_msgs', 'merge_install': False, 'path': '/home/dolphiinn/ros2_ws/src/px4_msgs', 'symlink_install': True, 'test_result_base': None}
[0.411s] INFO:colcon.colcon_core.executor:Executing jobs using 'parallel' executor
[0.413s] DEBUG:colcon.colcon_parallel_executor.executor.parallel:run_until_complete
[0.413s] INFO:colcon.colcon_ros.task.ament_cmake.build:Building ROS package in '/home/dolphiinn/ros2_ws/src/px4_msgs' with build type 'ament_cmake'
[0.414s] INFO:colcon.colcon_cmake.task.cmake.build:Building CMake package in '/home/dolphiinn/ros2_ws/src/px4_msgs'
[0.418s] INFO:colcon.colcon_core.plugin_system:Skipping extension 'colcon_core.shell.bat': Not used on non-Windows systems
[0.418s] INFO:colcon.colcon_core.shell:Skip shell extension 'powershell' for command environment: Not usable outside of PowerShell
[0.418s] DEBUG:colcon.colcon_core.shell:Skip shell extension 'dsv' for command environment
[0.431s] DEBUG:colcon.colcon_core.event_handler.log_command:Invoking command in '/home/dolphiinn/ros2_ws/build/px4_msgs': CMAKE_PREFIX_PATH=/opt/ros/humble /usr/bin/cmake /home/dolphiinn/ros2_ws/src/px4_msgs -DAMENT_CMAKE_SYMLINK_INSTALL=1 -DCMAKE_INSTALL_PREFIX=/home/dolphiinn/ros2_ws/install/px4_msgs
[7.347s] DEBUG:colcon.colcon_core.event_handler.log_command:Invoked command in '/home/dolphiinn/ros2_ws/build/px4_msgs' returned '0': CMAKE_PREFIX_PATH=/opt/ros/humble /usr/bin/cmake /home/dolphiinn/ros2_ws/src/px4_msgs -DAMENT_CMAKE_SYMLINK_INSTALL=1 -DCMAKE_INSTALL_PREFIX=/home/dolphiinn/ros2_ws/install/px4_msgs
[7.351s] DEBUG:colcon.colcon_core.event_handler.log_command:Invoking command in '/home/dolphiinn/ros2_ws/build/px4_msgs': CMAKE_PREFIX_PATH=/opt/ros/humble /usr/bin/cmake --build /home/dolphiinn/ros2_ws/build/px4_msgs -- -j8 -l8
[378.059s] DEBUG:colcon.colcon_core.event_handler.log_command:Invoked command in '/home/dolphiinn/ros2_ws/build/px4_msgs' returned '0': CMAKE_PREFIX_PATH=/opt/ros/humble /usr/bin/cmake --build /home/dolphiinn/ros2_ws/build/px4_msgs -- -j8 -l8
[378.069s] DEBUG:colcon.colcon_core.event_handler.log_command:Invoking command in '/home/dolphiinn/ros2_ws/build/px4_msgs': CMAKE_PREFIX_PATH=/opt/ros/humble /usr/bin/cmake --install /home/dolphiinn/ros2_ws/build/px4_msgs
[402.591s] Level 1:colcon.colcon_core.environment:create_environment_scripts_only(px4_msgs)
[402.592s] DEBUG:colcon.colcon_core.event_handler.log_command:Invoked command in '/home/dolphiinn/ros2_ws/build/px4_msgs' returned '0': CMAKE_PREFIX_PATH=/opt/ros/humble /usr/bin/cmake --install /home/dolphiinn/ros2_ws/build/px4_msgs
[402.606s] Level 1:colcon.colcon_core.environment:checking '/home/dolphiinn/ros2_ws/install/px4_msgs' for CMake module files
[402.607s] Level 1:colcon.colcon_core.environment:checking '/home/dolphiinn/ros2_ws/install/px4_msgs' for CMake config files
[402.623s] Level 1:colcon.colcon_core.shell:create_environment_hook('px4_msgs', 'cmake_prefix_path')
[402.623s] INFO:colcon.colcon_core.shell:Creating environment hook '/home/dolphiinn/ros2_ws/install/px4_msgs/share/px4_msgs/hook/cmake_prefix_path.ps1'
[402.624s] INFO:colcon.colcon_core.shell:Creating environment descriptor '/home/dolphiinn/ros2_ws/install/px4_msgs/share/px4_msgs/hook/cmake_prefix_path.dsv'
[402.625s] INFO:colcon.colcon_core.shell:Creating environment hook '/home/dolphiinn/ros2_ws/install/px4_msgs/share/px4_msgs/hook/cmake_prefix_path.sh'
[402.625s] Level 1:colcon.colcon_core.environment:checking '/home/dolphiinn/ros2_ws/install/px4_msgs/lib'
[402.625s] Level 1:colcon.colcon_core.shell:create_environment_hook('px4_msgs', 'ld_library_path_lib')
[402.626s] INFO:colcon.colcon_core.shell:Creating environment hook '/home/dolphiinn/ros2_ws/install/px4_msgs/share/px4_msgs/hook/ld_library_path_lib.ps1'
[402.626s] INFO:colcon.colcon_core.shell:Creating environment descriptor '/home/dolphiinn/ros2_ws/install/px4_msgs/share/px4_msgs/hook/ld_library_path_lib.dsv'
[402.626s] INFO:colcon.colcon_core.shell:Creating environment hook '/home/dolphiinn/ros2_ws/install/px4_msgs/share/px4_msgs/hook/ld_library_path_lib.sh'
[402.626s] Level 1:colcon.colcon_core.environment:checking '/home/dolphiinn/ros2_ws/install/px4_msgs/bin'
[402.626s] Level 1:colcon.colcon_core.environment:checking '/home/dolphiinn/ros2_ws/install/px4_msgs/lib/pkgconfig/px4_msgs.pc'
[402.626s] Level 1:colcon.colcon_core.environment:checking '/home/dolphiinn/ros2_ws/install/px4_msgs/lib/python3.10/site-packages'
[402.627s] Level 1:colcon.colcon_core.environment:checking '/home/dolphiinn/ros2_ws/install/px4_msgs/bin'
[402.627s] INFO:colcon.colcon_core.shell:Creating package script '/home/dolphiinn/ros2_ws/install/px4_msgs/share/px4_msgs/package.ps1'
[402.628s] INFO:colcon.colcon_core.shell:Creating package descriptor '/home/dolphiinn/ros2_ws/install/px4_msgs/share/px4_msgs/package.dsv'
[402.628s] INFO:colcon.colcon_core.shell:Creating package script '/home/dolphiinn/ros2_ws/install/px4_msgs/share/px4_msgs/package.sh'
[402.629s] INFO:colcon.colcon_core.shell:Creating package script '/home/dolphiinn/ros2_ws/install/px4_msgs/share/px4_msgs/package.bash'
[402.630s] INFO:colcon.colcon_core.shell:Creating package script '/home/dolphiinn/ros2_ws/install/px4_msgs/share/px4_msgs/package.zsh'
[402.630s] Level 1:colcon.colcon_core.environment:create_file_with_runtime_dependencies(/home/dolphiinn/ros2_ws/install/px4_msgs/share/colcon-core/packages/px4_msgs)
[402.631s] Level 1:colcon.colcon_core.environment:create_environment_scripts_only(px4_msgs)
[402.631s] Level 1:colcon.colcon_core.environment:checking '/home/dolphiinn/ros2_ws/install/px4_msgs' for CMake module files
[402.631s] Level 1:colcon.colcon_core.environment:checking '/home/dolphiinn/ros2_ws/install/px4_msgs' for CMake config files
[402.643s] Level 1:colcon.colcon_core.shell:create_environment_hook('px4_msgs', 'cmake_prefix_path')
[402.644s] INFO:colcon.colcon_core.shell:Creating environment hook '/home/dolphiinn/ros2_ws/install/px4_msgs/share/px4_msgs/hook/cmake_prefix_path.ps1'
[402.644s] INFO:colcon.colcon_core.shell:Creating environment descriptor '/home/dolphiinn/ros2_ws/install/px4_msgs/share/px4_msgs/hook/cmake_prefix_path.dsv'
[402.644s] INFO:colcon.colcon_core.shell:Creating environment hook '/home/dolphiinn/ros2_ws/install/px4_msgs/share/px4_msgs/hook/cmake_prefix_path.sh'
[402.645s] Level 1:colcon.colcon_core.environment:checking '/home/dolphiinn/ros2_ws/install/px4_msgs/lib'
[402.645s] Level 1:colcon.colcon_core.shell:create_environment_hook('px4_msgs', 'ld_library_path_lib')
[402.645s] INFO:colcon.colcon_core.shell:Creating environment hook '/home/dolphiinn/ros2_ws/install/px4_msgs/share/px4_msgs/hook/ld_library_path_lib.ps1'
[402.645s] INFO:colcon.colcon_core.shell:Creating environment descriptor '/home/dolphiinn/ros2_ws/install/px4_msgs/share/px4_msgs/hook/ld_library_path_lib.dsv'
[402.645s] INFO:colcon.colcon_core.shell:Creating environment hook '/home/dolphiinn/ros2_ws/install/px4_msgs/share/px4_msgs/hook/ld_library_path_lib.sh'
[402.645s] Level 1:colcon.colcon_core.environment:checking '/home/dolphiinn/ros2_ws/install/px4_msgs/bin'
[402.646s] Level 1:colcon.colcon_core.environment:checking '/home/dolphiinn/ros2_ws/install/px4_msgs/lib/pkgconfig/px4_msgs.pc'
[402.646s] Level 1:colcon.colcon_core.environment:checking '/home/dolphiinn/ros2_ws/install/px4_msgs/lib/python3.10/site-packages'
[402.646s] Level 1:colcon.colcon_core.environment:checking '/home/dolphiinn/ros2_ws/install/px4_msgs/bin'
[402.646s] INFO:colcon.colcon_core.shell:Creating package script '/home/dolphiinn/ros2_ws/install/px4_msgs/share/px4_msgs/package.ps1'
[402.646s] INFO:colcon.colcon_core.shell:Creating package descriptor '/home/dolphiinn/ros2_ws/install/px4_msgs/share/px4_msgs/package.dsv'
[402.647s] INFO:colcon.colcon_core.shell:Creating package script '/home/dolphiinn/ros2_ws/install/px4_msgs/share/px4_msgs/package.sh'
[402.647s] INFO:colcon.colcon_core.shell:Creating package script '/home/dolphiinn/ros2_ws/install/px4_msgs/share/px4_msgs/package.bash'
[402.647s] INFO:colcon.colcon_core.shell:Creating package script '/home/dolphiinn/ros2_ws/install/px4_msgs/share/px4_msgs/package.zsh'
[402.648s] Level 1:colcon.colcon_core.environment:create_file_with_runtime_dependencies(/home/dolphiinn/ros2_ws/install/px4_msgs/share/colcon-core/packages/px4_msgs)
[402.648s] DEBUG:colcon.colcon_parallel_executor.executor.parallel:closing loop
[402.648s] DEBUG:colcon.colcon_parallel_executor.executor.parallel:loop closed
[402.648s] DEBUG:colcon.colcon_parallel_executor.executor.parallel:run_until_complete finished with '0'
[402.648s] DEBUG:colcon.colcon_core.event_reactor:joining thread
[402.655s] INFO:colcon.colcon_core.plugin_system:Skipping extension 'colcon_notification.desktop_notification.terminal_notifier': Not used on non-Darwin systems
[402.655s] INFO:colcon.colcon_core.plugin_system:Skipping extension 'colcon_notification.desktop_notification.win32': Not used on non-Windows systems
[402.655s] INFO:colcon.colcon_notification.desktop_notification:Sending desktop notification using 'notify2'
[402.669s] DEBUG:colcon.colcon_core.event_reactor:joined thread
[402.669s] INFO:colcon.colcon_core.shell:Creating prefix script '/home/dolphiinn/ros2_ws/install/local_setup.ps1'
[402.670s] INFO:colcon.colcon_core.shell:Creating prefix util module '/home/dolphiinn/ros2_ws/install/_local_setup_util_ps1.py'
[402.671s] INFO:colcon.colcon_core.shell:Creating prefix chain script '/home/dolphiinn/ros2_ws/install/setup.ps1'
[402.672s] INFO:colcon.colcon_core.shell:Creating prefix script '/home/dolphiinn/ros2_ws/install/local_setup.sh'
[402.673s] INFO:colcon.colcon_core.shell:Creating prefix util module '/home/dolphiinn/ros2_ws/install/_local_setup_util_sh.py'
[402.674s] INFO:colcon.colcon_core.shell:Creating prefix chain script '/home/dolphiinn/ros2_ws/install/setup.sh'
[402.674s] INFO:colcon.colcon_core.shell:Creating prefix script '/home/dolphiinn/ros2_ws/install/local_setup.bash'
[402.675s] INFO:colcon.colcon_core.shell:Creating prefix chain script '/home/dolphiinn/ros2_ws/install/setup.bash'
[402.676s] INFO:colcon.colcon_core.shell:Creating prefix script '/home/dolphiinn/ros2_ws/install/local_setup.zsh'
[402.676s] INFO:colcon.colcon_core.shell:Creating prefix chain script '/home/dolphiinn/ros2_ws/install/setup.zsh'
