[0.901s] Invoking command in '/home/dolphiinn/ros2_ws/src/px4_offboard_baseline': PYTHONPATH=/home/dolphiinn/ros2_ws/build/px4_offboard_baseline/prefix_override:/usr/lib/python3/dist-packages/colcon_core/task/python/colcon_distutils_commands:/home/dolphiinn/ros2_ws/install/px4_offboard_baseline/lib/python3.10/site-packages:${PYTHONPATH} /usr/bin/python3 -W ignore:setup.py install is deprecated -W ignore:easy_install command is deprecated setup.py egg_info --egg-base ../../build/px4_offboard_baseline build --build-base /home/dolphiinn/ros2_ws/build/px4_offboard_baseline/build install --record /home/dolphiinn/ros2_ws/build/px4_offboard_baseline/install.log --install-scripts $base/lib/px4_offboard_baseline --single-version-externally-managed install_data
[1.161s] running egg_info
[1.177s] writing ../../build/px4_offboard_baseline/px4_offboard_baseline.egg-info/PKG-INFO
[1.177s] writing dependency_links to ../../build/px4_offboard_baseline/px4_offboard_baseline.egg-info/dependency_links.txt
[1.177s] writing entry points to ../../build/px4_offboard_baseline/px4_offboard_baseline.egg-info/entry_points.txt
[1.178s] writing requirements to ../../build/px4_offboard_baseline/px4_offboard_baseline.egg-info/requires.txt
[1.178s] writing top-level names to ../../build/px4_offboard_baseline/px4_offboard_baseline.egg-info/top_level.txt
[1.211s] reading manifest file '../../build/px4_offboard_baseline/px4_offboard_baseline.egg-info/SOURCES.txt'
[1.212s] writing manifest file '../../build/px4_offboard_baseline/px4_offboard_baseline.egg-info/SOURCES.txt'
[1.212s] running build
[1.212s] running build_py
[1.212s] copying px4_offboard_baseline/__init__.py -> /home/dolphiinn/ros2_ws/build/px4_offboard_baseline/build/lib/px4_offboard_baseline
[1.212s] copying px4_offboard_baseline/offboard_hold.py -> /home/dolphiinn/ros2_ws/build/px4_offboard_baseline/build/lib/px4_offboard_baseline
[1.213s] running install
[1.217s] running install_lib
[1.234s] copying /home/dolphiinn/ros2_ws/build/px4_offboard_baseline/build/lib/px4_offboard_baseline/offboard_hold.py -> /home/dolphiinn/ros2_ws/install/px4_offboard_baseline/lib/python3.10/site-packages/px4_offboard_baseline
[1.235s] byte-compiling /home/dolphiinn/ros2_ws/install/px4_offboard_baseline/lib/python3.10/site-packages/px4_offboard_baseline/offboard_hold.py to offboard_hold.cpython-310.pyc
[1.236s] running install_data
[1.236s] copying resource/px4_offboard_baseline -> /home/dolphiinn/ros2_ws/install/px4_offboard_baseline/share/ament_index/resource_index/packages
[1.236s] copying package.xml -> /home/dolphiinn/ros2_ws/install/px4_offboard_baseline/share/px4_offboard_baseline
[1.236s] running install_egg_info
[1.254s] removing '/home/dolphiinn/ros2_ws/install/px4_offboard_baseline/lib/python3.10/site-packages/px4_offboard_baseline-0.0.0-py3.10.egg-info' (and everything under it)
[1.254s] Copying ../../build/px4_offboard_baseline/px4_offboard_baseline.egg-info to /home/dolphiinn/ros2_ws/install/px4_offboard_baseline/lib/python3.10/site-packages/px4_offboard_baseline-0.0.0-py3.10.egg-info
[1.255s] running install_scripts
[1.291s] Installing offboard_hold script to /home/dolphiinn/ros2_ws/install/px4_offboard_baseline/lib/px4_offboard_baseline
[1.291s] writing list of installed files to '/home/dolphiinn/ros2_ws/build/px4_offboard_baseline/install.log'
[1.315s] Invoked command in '/home/dolphiinn/ros2_ws/src/px4_offboard_baseline' returned '0': PYTHONPATH=/home/dolphiinn/ros2_ws/build/px4_offboard_baseline/prefix_override:/usr/lib/python3/dist-packages/colcon_core/task/python/colcon_distutils_commands:/home/dolphiinn/ros2_ws/install/px4_offboard_baseline/lib/python3.10/site-packages:${PYTHONPATH} /usr/bin/python3 -W ignore:setup.py install is deprecated -W ignore:easy_install command is deprecated setup.py egg_info --egg-base ../../build/px4_offboard_baseline build --build-base /home/dolphiinn/ros2_ws/build/px4_offboard_baseline/build install --record /home/dolphiinn/ros2_ws/build/px4_offboard_baseline/install.log --install-scripts $base/lib/px4_offboard_baseline --single-version-externally-managed install_data
