[0.734s] Invoking command in '/home/dolphiinn/ros2_ws/src/px4_offboard_baseline': PYTHONPATH=/home/dolphiinn/ros2_ws/build/px4_offboard_baseline/prefix_override:/usr/lib/python3/dist-packages/colcon_core/task/python/colcon_distutils_commands:/home/dolphiinn/ros2_ws/install/px4_offboard_baseline/lib/python3.10/site-packages:${PYTHONPATH} /usr/bin/python3 -W ignore:setup.py install is deprecated -W ignore:easy_install command is deprecated setup.py egg_info --egg-base ../../build/px4_offboard_baseline build --build-base /home/dolphiinn/ros2_ws/build/px4_offboard_baseline/build install --record /home/dolphiinn/ros2_ws/build/px4_offboard_baseline/install.log --install-scripts $base/lib/px4_offboard_baseline --single-version-externally-managed install_data
[0.951s] running egg_info
[0.963s] creating ../../build/px4_offboard_baseline/px4_offboard_baseline.egg-info
[0.963s] writing ../../build/px4_offboard_baseline/px4_offboard_baseline.egg-info/PKG-INFO
[0.964s] writing dependency_links to ../../build/px4_offboard_baseline/px4_offboard_baseline.egg-info/dependency_links.txt
[0.964s] writing entry points to ../../build/px4_offboard_baseline/px4_offboard_baseline.egg-info/entry_points.txt
[0.964s] writing requirements to ../../build/px4_offboard_baseline/px4_offboard_baseline.egg-info/requires.txt
[0.964s] writing top-level names to ../../build/px4_offboard_baseline/px4_offboard_baseline.egg-info/top_level.txt
[0.964s] writing manifest file '../../build/px4_offboard_baseline/px4_offboard_baseline.egg-info/SOURCES.txt'
[0.990s] reading manifest file '../../build/px4_offboard_baseline/px4_offboard_baseline.egg-info/SOURCES.txt'
[0.991s] writing manifest file '../../build/px4_offboard_baseline/px4_offboard_baseline.egg-info/SOURCES.txt'
[0.991s] running build
[0.991s] running build_py
[0.991s] creating /home/dolphiinn/ros2_ws/build/px4_offboard_baseline/build/lib/px4_offboard_baseline
[0.991s] copying px4_offboard_baseline/__init__.py -> /home/dolphiinn/ros2_ws/build/px4_offboard_baseline/build/lib/px4_offboard_baseline
[0.992s] copying px4_offboard_baseline/offboard_hold.py -> /home/dolphiinn/ros2_ws/build/px4_offboard_baseline/build/lib/px4_offboard_baseline
[0.992s] running install
[0.995s] running install_lib
[1.008s] creating /home/dolphiinn/ros2_ws/install/px4_offboard_baseline/lib/python3.10/site-packages/px4_offboard_baseline
[1.008s] copying /home/dolphiinn/ros2_ws/build/px4_offboard_baseline/build/lib/px4_offboard_baseline/__init__.py -> /home/dolphiinn/ros2_ws/install/px4_offboard_baseline/lib/python3.10/site-packages/px4_offboard_baseline
[1.008s] copying /home/dolphiinn/ros2_ws/build/px4_offboard_baseline/build/lib/px4_offboard_baseline/offboard_hold.py -> /home/dolphiinn/ros2_ws/install/px4_offboard_baseline/lib/python3.10/site-packages/px4_offboard_baseline
[1.008s] byte-compiling /home/dolphiinn/ros2_ws/install/px4_offboard_baseline/lib/python3.10/site-packages/px4_offboard_baseline/__init__.py to __init__.cpython-310.pyc
[1.009s] byte-compiling /home/dolphiinn/ros2_ws/install/px4_offboard_baseline/lib/python3.10/site-packages/px4_offboard_baseline/offboard_hold.py to offboard_hold.cpython-310.pyc
[1.010s] running install_data
[1.010s] creating /home/dolphiinn/ros2_ws/install/px4_offboard_baseline/share/ament_index/resource_index/packages
[1.010s] copying resource/px4_offboard_baseline -> /home/dolphiinn/ros2_ws/install/px4_offboard_baseline/share/ament_index/resource_index/packages
[1.010s] copying package.xml -> /home/dolphiinn/ros2_ws/install/px4_offboard_baseline/share/px4_offboard_baseline
[1.010s] running install_egg_info
[1.024s] Copying ../../build/px4_offboard_baseline/px4_offboard_baseline.egg-info to /home/dolphiinn/ros2_ws/install/px4_offboard_baseline/lib/python3.10/site-packages/px4_offboard_baseline-0.0.0-py3.10.egg-info
[1.024s] running install_scripts
[1.051s] Installing offboard_hold script to /home/dolphiinn/ros2_ws/install/px4_offboard_baseline/lib/px4_offboard_baseline
[1.051s] writing list of installed files to '/home/dolphiinn/ros2_ws/build/px4_offboard_baseline/install.log'
[1.072s] Invoked command in '/home/dolphiinn/ros2_ws/src/px4_offboard_baseline' returned '0': PYTHONPATH=/home/dolphiinn/ros2_ws/build/px4_offboard_baseline/prefix_override:/usr/lib/python3/dist-packages/colcon_core/task/python/colcon_distutils_commands:/home/dolphiinn/ros2_ws/install/px4_offboard_baseline/lib/python3.10/site-packages:${PYTHONPATH} /usr/bin/python3 -W ignore:setup.py install is deprecated -W ignore:easy_install command is deprecated setup.py egg_info --egg-base ../../build/px4_offboard_baseline build --build-base /home/dolphiinn/ros2_ws/build/px4_offboard_baseline/build install --record /home/dolphiinn/ros2_ws/build/px4_offboard_baseline/install.log --install-scripts $base/lib/px4_offboard_baseline --single-version-externally-managed install_data
