/home/dolphiinn/ros2_ws/install/px4_offboard_baseline/lib/python3.10/site-packages/px4_offboard_baseline/offboard_takeoff_hover.py
/home/dolphiinn/ros2_ws/install/px4_offboard_baseline/lib/python3.10/site-packages/px4_offboard_baseline/__init__.py
/home/dolphiinn/ros2_ws/install/px4_offboard_baseline/lib/python3.10/site-packages/px4_offboard_baseline/offboard_forward_stop.py
/home/dolphiinn/ros2_ws/install/px4_offboard_baseline/lib/python3.10/site-packages/px4_offboard_baseline/offboard_hold.py
/home/dolphiinn/ros2_ws/install/px4_offboard_baseline/lib/python3.10/site-packages/px4_offboard_baseline/offboard_hold_ground.py
/home/dolphiinn/ros2_ws/install/px4_offboard_baseline/lib/python3.10/site-packages/px4_offboard_baseline/__pycache__/offboard_takeoff_hover.cpython-310.pyc
/home/dolphiinn/ros2_ws/install/px4_offboard_baseline/lib/python3.10/site-packages/px4_offboard_baseline/__pycache__/__init__.cpython-310.pyc
/home/dolphiinn/ros2_ws/install/px4_offboard_baseline/lib/python3.10/site-packages/px4_offboard_baseline/__pycache__/offboard_forward_stop.cpython-310.pyc
/home/dolphiinn/ros2_ws/install/px4_offboard_baseline/lib/python3.10/site-packages/px4_offboard_baseline/__pycache__/offboard_hold.cpython-310.pyc
/home/dolphiinn/ros2_ws/install/px4_offboard_baseline/lib/python3.10/site-packages/px4_offboard_baseline/__pycache__/offboard_hold_ground.cpython-310.pyc
/home/dolphiinn/ros2_ws/install/px4_offboard_baseline/share/ament_index/resource_index/packages/px4_offboard_baseline
/home/dolphiinn/ros2_ws/install/px4_offboard_baseline/share/px4_offboard_baseline/package.xml
/home/dolphiinn/ros2_ws/install/px4_offboard_baseline/lib/python3.10/site-packages/px4_offboard_baseline-0.0.0-py3.10.egg-info/SOURCES.txt
/home/dolphiinn/ros2_ws/install/px4_offboard_baseline/lib/python3.10/site-packages/px4_offboard_baseline-0.0.0-py3.10.egg-info/requires.txt
/home/dolphiinn/ros2_ws/install/px4_offboard_baseline/lib/python3.10/site-packages/px4_offboard_baseline-0.0.0-py3.10.egg-info/entry_points.txt
/home/dolphiinn/ros2_ws/install/px4_offboard_baseline/lib/python3.10/site-packages/px4_offboard_baseline-0.0.0-py3.10.egg-info/top_level.txt
/home/dolphiinn/ros2_ws/install/px4_offboard_baseline/lib/python3.10/site-packages/px4_offboard_baseline-0.0.0-py3.10.egg-info/zip-safe
/home/dolphiinn/ros2_ws/install/px4_offboard_baseline/lib/python3.10/site-packages/px4_offboard_baseline-0.0.0-py3.10.egg-info/PKG-INFO
/home/dolphiinn/ros2_ws/install/px4_offboard_baseline/lib/python3.10/site-packages/px4_offboard_baseline-0.0.0-py3.10.egg-info/dependency_links.txt
/home/dolphiinn/ros2_ws/install/px4_offboard_baseline/lib/px4_offboard_baseline/offboard_hold
