[0.194s] DEBUG:colcon:Command line arguments: ['/usr/bin/colcon', 'build', '--symlink-install', '--packages-select', 'px4_offboard_baseline']
[0.194s] DEBUG:colcon:Parsed command line arguments: Namespace(log_base=None, log_level=None, verb_name='build', build_base='build', install_base='install', merge_install=False, symlink_install=True, test_result_base=None, continue_on_error=False, executor='parallel', parallel_workers=8, event_handlers=None, ignore_user_meta=False, metas=['./colcon.meta'], base_paths=['.'], packages_ignore=None, packages_ignore_regex=None, paths=None, packages_up_to=None, packages_up_to_regex=None, packages_above=None, packages_above_and_dependencies=None, packages_above_depth=None, packages_select_by_dep=None, packages_skip_by_dep=None, packages_skip_up_to=None, packages_select_build_failed=False, packages_skip_build_finished=False, packages_select_test_failures=False, packages_skip_test_passed=False, packages_select=['px4_offboard_baseline'], packages_skip=None, packages_select_regex=None, packages_skip_regex=None, packages_start=None, packages_end=None, allow_overriding=[], cmake_args=None, cmake_target=None, cmake_target_skip_unavailable=False, cmake_clean_cache=False, cmake_clean_first=False, cmake_force_configure=False, ament_cmake_args=None, catkin_cmake_args=None, catkin_skip_building_tests=False, mixin_files=None, mixin=None, verb_parser=<colcon_mixin.mixin.mixin_argument.MixinArgumentDecorator object at 0x7c5ebda64190>, verb_extension=<colcon_core.verb.build.BuildVerb object at 0x7c5ebdb9da80>, main=<bound method BuildVerb.main of <colcon_core.verb.build.BuildVerb object at 0x7c5ebdb9da80>>, mixin_verb=('build',))
[0.272s] Level 1:colcon.colcon_core.package_discovery:discover_packages(colcon_meta) check parameters
[0.272s] Level 1:colcon.colcon_core.package_discovery:discover_packages(recursive) check parameters
[0.273s] Level 1:colcon.colcon_core.package_discovery:discover_packages(ignore) check parameters
[0.273s] Level 1:colcon.colcon_core.package_discovery:discover_packages(path) check parameters
[0.273s] Level 1:colcon.colcon_core.package_discovery:discover_packages(colcon_meta) discover
[0.273s] Level 1:colcon.colcon_core.package_discovery:discover_packages(recursive) discover
[0.273s] INFO:colcon.colcon_core.package_discovery:Crawling recursively for packages in '/home/dolphiinn/ros2_ws'
[0.273s] Level 1:colcon.colcon_core.package_identification:_identify(.) by extensions ['ignore', 'ignore_ament_install']
[0.273s] Level 1:colcon.colcon_core.package_identification:_identify(.) by extension 'ignore'
[0.273s] Level 1:colcon.colcon_core.package_identification:_identify(.) by extension 'ignore_ament_install'
[0.273s] Level 1:colcon.colcon_core.package_identification:_identify(.) by extensions ['colcon_pkg']
[0.273s] Level 1:colcon.colcon_core.package_identification:_identify(.) by extension 'colcon_pkg'
[0.273s] Level 1:colcon.colcon_core.package_identification:_identify(.) by extensions ['colcon_meta']
[0.273s] Level 1:colcon.colcon_core.package_identification:_identify(.) by extension 'colcon_meta'
[0.274s] Level 1:colcon.colcon_core.package_identification:_identify(.) by extensions ['ros']
[0.274s] Level 1:colcon.colcon_core.package_identification:_identify(.) by extension 'ros'
[0.298s] Level 1:colcon.colcon_core.package_identification:_identify(.) by extensions ['cmake', 'python']
[0.298s] Level 1:colcon.colcon_core.package_identification:_identify(.) by extension 'cmake'
[0.298s] Level 1:colcon.colcon_core.package_identification:_identify(.) by extension 'python'
[0.298s] Level 1:colcon.colcon_core.package_identification:_identify(.) by extensions ['python_setup_py']
[0.298s] Level 1:colcon.colcon_core.package_identification:_identify(.) by extension 'python_setup_py'
[0.298s] Level 1:colcon.colcon_core.package_identification:_identify(build) by extensions ['ignore', 'ignore_ament_install']
[0.299s] Level 1:colcon.colcon_core.package_identification:_identify(build) by extension 'ignore'
[0.299s] Level 1:colcon.colcon_core.package_identification:_identify(build) ignored
[0.299s] Level 1:colcon.colcon_core.package_identification:_identify(install) by extensions ['ignore', 'ignore_ament_install']
[0.299s] Level 1:colcon.colcon_core.package_identification:_identify(install) by extension 'ignore'
[0.299s] Level 1:colcon.colcon_core.package_identification:_identify(install) ignored
[0.299s] Level 1:colcon.colcon_core.package_identification:_identify(log) by extensions ['ignore', 'ignore_ament_install']
[0.299s] Level 1:colcon.colcon_core.package_identification:_identify(log) by extension 'ignore'
[0.299s] Level 1:colcon.colcon_core.package_identification:_identify(log) ignored
[0.300s] Level 1:colcon.colcon_core.package_identification:_identify(src) by extensions ['ignore', 'ignore_ament_install']
[0.300s] Level 1:colcon.colcon_core.package_identification:_identify(src) by extension 'ignore'
[0.300s] Level 1:colcon.colcon_core.package_identification:_identify(src) by extension 'ignore_ament_install'
[0.300s] Level 1:colcon.colcon_core.package_identification:_identify(src) by extensions ['colcon_pkg']
[0.300s] Level 1:colcon.colcon_core.package_identification:_identify(src) by extension 'colcon_pkg'
[0.300s] Level 1:colcon.colcon_core.package_identification:_identify(src) by extensions ['colcon_meta']
[0.300s] Level 1:colcon.colcon_core.package_identification:_identify(src) by extension 'colcon_meta'
[0.300s] Level 1:colcon.colcon_core.package_identification:_identify(src) by extensions ['ros']
[0.300s] Level 1:colcon.colcon_core.package_identification:_identify(src) by extension 'ros'
[0.300s] Level 1:colcon.colcon_core.package_identification:_identify(src) by extensions ['cmake', 'python']
[0.300s] Level 1:colcon.colcon_core.package_identification:_identify(src) by extension 'cmake'
[0.300s] Level 1:colcon.colcon_core.package_identification:_identify(src) by extension 'python'
[0.300s] Level 1:colcon.colcon_core.package_identification:_identify(src) by extensions ['python_setup_py']
[0.300s] Level 1:colcon.colcon_core.package_identification:_identify(src) by extension 'python_setup_py'
[0.301s] Level 1:colcon.colcon_core.package_identification:_identify(src/px4_msgs) by extensions ['ignore', 'ignore_ament_install']
[0.301s] Level 1:colcon.colcon_core.package_identification:_identify(src/px4_msgs) by extension 'ignore'
[0.301s] Level 1:colcon.colcon_core.package_identification:_identify(src/px4_msgs) by extension 'ignore_ament_install'
[0.301s] Level 1:colcon.colcon_core.package_identification:_identify(src/px4_msgs) by extensions ['colcon_pkg']
[0.301s] Level 1:colcon.colcon_core.package_identification:_identify(src/px4_msgs) by extension 'colcon_pkg'
[0.301s] Level 1:colcon.colcon_core.package_identification:_identify(src/px4_msgs) by extensions ['colcon_meta']
[0.301s] Level 1:colcon.colcon_core.package_identification:_identify(src/px4_msgs) by extension 'colcon_meta'
[0.301s] Level 1:colcon.colcon_core.package_identification:_identify(src/px4_msgs) by extensions ['ros']
[0.301s] Level 1:colcon.colcon_core.package_identification:_identify(src/px4_msgs) by extension 'ros'
[0.306s] DEBUG:colcon.colcon_core.package_identification:Package 'src/px4_msgs' with type 'ros.ament_cmake' and name 'px4_msgs'
[0.307s] Level 1:colcon.colcon_core.package_identification:_identify(src/px4_offboard_baseline) by extensions ['ignore', 'ignore_ament_install']
[0.307s] Level 1:colcon.colcon_core.package_identification:_identify(src/px4_offboard_baseline) by extension 'ignore'
[0.307s] Level 1:colcon.colcon_core.package_identification:_identify(src/px4_offboard_baseline) by extension 'ignore_ament_install'
[0.307s] Level 1:colcon.colcon_core.package_identification:_identify(src/px4_offboard_baseline) by extensions ['colcon_pkg']
[0.307s] Level 1:colcon.colcon_core.package_identification:_identify(src/px4_offboard_baseline) by extension 'colcon_pkg'
[0.307s] Level 1:colcon.colcon_core.package_identification:_identify(src/px4_offboard_baseline) by extensions ['colcon_meta']
[0.307s] Level 1:colcon.colcon_core.package_identification:_identify(src/px4_offboard_baseline) by extension 'colcon_meta'
[0.307s] Level 1:colcon.colcon_core.package_identification:_identify(src/px4_offboard_baseline) by extensions ['ros']
[0.307s] Level 1:colcon.colcon_core.package_identification:_identify(src/px4_offboard_baseline) by extension 'ros'
[0.309s] DEBUG:colcon.colcon_core.package_identification:Package 'src/px4_offboard_baseline' with type 'ros.ament_python' and name 'px4_offboard_baseline'
[0.309s] Level 1:colcon.colcon_core.package_identification:_identify(src/px4_state_reader) by extensions ['ignore', 'ignore_ament_install']
[0.309s] Level 1:colcon.colcon_core.package_identification:_identify(src/px4_state_reader) by extension 'ignore'
[0.309s] Level 1:colcon.colcon_core.package_identification:_identify(src/px4_state_reader) by extension 'ignore_ament_install'
[0.309s] Level 1:colcon.colcon_core.package_identification:_identify(src/px4_state_reader) by extensions ['colcon_pkg']
[0.309s] Level 1:colcon.colcon_core.package_identification:_identify(src/px4_state_reader) by extension 'colcon_pkg'
[0.310s] Level 1:colcon.colcon_core.package_identification:_identify(src/px4_state_reader) by extensions ['colcon_meta']
[0.310s] Level 1:colcon.colcon_core.package_identification:_identify(src/px4_state_reader) by extension 'colcon_meta'
[0.310s] Level 1:colcon.colcon_core.package_identification:_identify(src/px4_state_reader) by extensions ['ros']
[0.310s] Level 1:colcon.colcon_core.package_identification:_identify(src/px4_state_reader) by extension 'ros'
[0.311s] DEBUG:colcon.colcon_core.package_identification:Package 'src/px4_state_reader' with type 'ros.ament_python' and name 'px4_state_reader'
[0.311s] Level 1:colcon.colcon_core.package_discovery:discover_packages(recursive) using defaults
[0.311s] Level 1:colcon.colcon_core.package_discovery:discover_packages(ignore) discover
[0.311s] Level 1:colcon.colcon_core.package_discovery:discover_packages(ignore) using defaults
[0.311s] Level 1:colcon.colcon_core.package_discovery:discover_packages(path) discover
[0.311s] Level 1:colcon.colcon_core.package_discovery:discover_packages(path) using defaults
[0.347s] INFO:colcon.colcon_core.package_selection:Skipping not selected package 'px4_msgs' in 'src/px4_msgs'
[0.347s] INFO:colcon.colcon_core.package_selection:Skipping not selected package 'px4_state_reader' in 'src/px4_state_reader'
[0.348s] Level 1:colcon.colcon_core.package_discovery:discover_packages(prefix_path) check parameters
[0.348s] Level 1:colcon.colcon_core.package_discovery:discover_packages(prefix_path) discover
[0.350s] DEBUG:colcon.colcon_installed_package_information.package_discovery:Found 3 installed packages in /home/dolphiinn/ros2_ws/install
[0.353s] DEBUG:colcon.colcon_installed_package_information.package_discovery:Found 321 installed packages in /opt/ros/humble
[0.356s] Level 1:colcon.colcon_core.package_discovery:discover_packages(prefix_path) using defaults
[0.421s] Level 5:colcon.colcon_core.verb:set package 'px4_offboard_baseline' build argument 'cmake_args' from command line to 'None'
[0.421s] Level 5:colcon.colcon_core.verb:set package 'px4_offboard_baseline' build argument 'cmake_target' from command line to 'None'
[0.421s] Level 5:colcon.colcon_core.verb:set package 'px4_offboard_baseline' build argument 'cmake_target_skip_unavailable' from command line to 'False'
[0.421s] Level 5:colcon.colcon_core.verb:set package 'px4_offboard_baseline' build argument 'cmake_clean_cache' from command line to 'False'
[0.421s] Level 5:colcon.colcon_core.verb:set package 'px4_offboard_baseline' build argument 'cmake_clean_first' from command line to 'False'
[0.421s] Level 5:colcon.colcon_core.verb:set package 'px4_offboard_baseline' build argument 'cmake_force_configure' from command line to 'False'
[0.421s] Level 5:colcon.colcon_core.verb:set package 'px4_offboard_baseline' build argument 'ament_cmake_args' from command line to 'None'
[0.421s] Level 5:colcon.colcon_core.verb:set package 'px4_offboard_baseline' build argument 'catkin_cmake_args' from command line to 'None'
[0.421s] Level 5:colcon.colcon_core.verb:set package 'px4_offboard_baseline' build argument 'catkin_skip_building_tests' from command line to 'False'
[0.421s] DEBUG:colcon.colcon_core.verb:Building package 'px4_offboard_baseline' with the following arguments: {'ament_cmake_args': None, 'build_base': '/home/dolphiinn/ros2_ws/build/px4_offboard_baseline', 'catkin_cmake_args': None, 'catkin_skip_building_tests': False, 'cmake_args': None, 'cmake_clean_cache': False, 'cmake_clean_first': False, 'cmake_force_configure': False, 'cmake_target': None, 'cmake_target_skip_unavailable': False, 'install_base': '/home/dolphiinn/ros2_ws/install/px4_offboard_baseline', 'merge_install': False, 'path': '/home/dolphiinn/ros2_ws/src/px4_offboard_baseline', 'symlink_install': True, 'test_result_base': None}
[0.421s] INFO:colcon.colcon_core.executor:Executing jobs using 'parallel' executor
[0.423s] DEBUG:colcon.colcon_parallel_executor.executor.parallel:run_until_complete
[0.424s] INFO:colcon.colcon_ros.task.ament_python.build:Building ROS package in '/home/dolphiinn/ros2_ws/src/px4_offboard_baseline' with build type 'ament_python'
[0.425s] Level 1:colcon.colcon_core.shell:create_environment_hook('px4_offboard_baseline', 'ament_prefix_path')
[0.428s] INFO:colcon.colcon_core.plugin_system:Skipping extension 'colcon_core.shell.bat': Not used on non-Windows systems
[0.428s] INFO:colcon.colcon_core.shell:Creating environment hook '/home/dolphiinn/ros2_ws/install/px4_offboard_baseline/share/px4_offboard_baseline/hook/ament_prefix_path.ps1'
[0.430s] INFO:colcon.colcon_core.shell:Creating environment descriptor '/home/dolphiinn/ros2_ws/install/px4_offboard_baseline/share/px4_offboard_baseline/hook/ament_prefix_path.dsv'
[0.430s] INFO:colcon.colcon_core.shell:Creating environment hook '/home/dolphiinn/ros2_ws/install/px4_offboard_baseline/share/px4_offboard_baseline/hook/ament_prefix_path.sh'
[0.432s] INFO:colcon.colcon_core.shell:Skip shell extension 'powershell' for command environment: Not usable outside of PowerShell
[0.432s] DEBUG:colcon.colcon_core.shell:Skip shell extension 'dsv' for command environment
[0.806s] INFO:colcon.colcon_core.task.python.build:Building Python package in '/home/dolphiinn/ros2_ws/src/px4_offboard_baseline'
[0.807s] INFO:colcon.colcon_core.shell:Skip shell extension 'powershell' for command environment: Not usable outside of PowerShell
[0.807s] DEBUG:colcon.colcon_core.shell:Skip shell extension 'dsv' for command environment
[1.523s] DEBUG:colcon.colcon_core.task.python.build:Available setuptools commands: egg_info, easy_install, build_scripts, bdist, install, extract_messages, install_data, bdist_dumb, dist_info, install_headers, symlink_data, build, bdist_rpm, build_ext, develop, setopt, install_lib, compile_catalog, install_egg_info, alias, bdist_egg, update_catalog, editable_wheel, build_py, sdist, saveopts, init_catalog, rotate, install_scripts, build_clib, bdist_wheel, clean, check
[1.911s] DEBUG:colcon.colcon_core.task.python.build:Available setuptools 'develop' options: --quiet, --help, --no-deps, --index-url, --no-user-cfg, --prefix, --verbose, --install-dir, --user
[1.911s] INFO:colcon.colcon_core.task.python.build:No '--editable' capability in setuptools, falling back to full install
[1.924s] DEBUG:colcon.colcon_core.event_handler.log_command:Invoking command in '/home/dolphiinn/ros2_ws/src/px4_offboard_baseline': PYTHONPATH=/home/dolphiinn/ros2_ws/build/px4_offboard_baseline/prefix_override:/usr/lib/python3/dist-packages/colcon_core/task/python/colcon_distutils_commands:/home/dolphiinn/ros2_ws/install/px4_offboard_baseline/lib/python3.10/site-packages:${PYTHONPATH} /usr/bin/python3 -W ignore:setup.py install is deprecated -W ignore:easy_install command is deprecated setup.py egg_info --egg-base ../../build/px4_offboard_baseline build --build-base /home/dolphiinn/ros2_ws/build/px4_offboard_baseline/build install --record /home/dolphiinn/ros2_ws/build/px4_offboard_baseline/install.log --install-scripts $base/lib/px4_offboard_baseline --single-version-externally-managed install_data
[2.705s] DEBUG:colcon.colcon_core.event_handler.log_command:Invoked command in '/home/dolphiinn/ros2_ws/src/px4_offboard_baseline' returned '0': PYTHONPATH=/home/dolphiinn/ros2_ws/build/px4_offboard_baseline/prefix_override:/usr/lib/python3/dist-packages/colcon_core/task/python/colcon_distutils_commands:/home/dolphiinn/ros2_ws/install/px4_offboard_baseline/lib/python3.10/site-packages:${PYTHONPATH} /usr/bin/python3 -W ignore:setup.py install is deprecated -W ignore:easy_install command is deprecated setup.py egg_info --egg-base ../../build/px4_offboard_baseline build --build-base /home/dolphiinn/ros2_ws/build/px4_offboard_baseline/build install --record /home/dolphiinn/ros2_ws/build/px4_offboard_baseline/install.log --install-scripts $base/lib/px4_offboard_baseline --single-version-externally-managed install_data
[2.708s] Level 1:colcon.colcon_core.environment:checking '/home/dolphiinn/ros2_ws/install/px4_offboard_baseline' for CMake module files
[2.709s] Level 1:colcon.colcon_core.environment:checking '/home/dolphiinn/ros2_ws/install/px4_offboard_baseline' for CMake config files
[2.710s] Level 1:colcon.colcon_core.environment:checking '/home/dolphiinn/ros2_ws/install/px4_offboard_baseline/lib'
[2.710s] Level 1:colcon.colcon_core.environment:checking '/home/dolphiinn/ros2_ws/install/px4_offboard_baseline/bin'
[2.710s] Level 1:colcon.colcon_core.environment:checking '/home/dolphiinn/ros2_ws/install/px4_offboard_baseline/lib/pkgconfig/px4_offboard_baseline.pc'
[2.711s] Level 1:colcon.colcon_core.environment:checking '/home/dolphiinn/ros2_ws/install/px4_offboard_baseline/lib/python3.10/site-packages'
[2.711s] Level 1:colcon.colcon_core.shell:create_environment_hook('px4_offboard_baseline', 'pythonpath')
[2.711s] INFO:colcon.colcon_core.shell:Creating environment hook '/home/dolphiinn/ros2_ws/install/px4_offboard_baseline/share/px4_offboard_baseline/hook/pythonpath.ps1'
[2.712s] INFO:colcon.colcon_core.shell:Creating environment descriptor '/home/dolphiinn/ros2_ws/install/px4_offboard_baseline/share/px4_offboard_baseline/hook/pythonpath.dsv'
[2.713s] INFO:colcon.colcon_core.shell:Creating environment hook '/home/dolphiinn/ros2_ws/install/px4_offboard_baseline/share/px4_offboard_baseline/hook/pythonpath.sh'
[2.714s] Level 1:colcon.colcon_core.environment:checking '/home/dolphiinn/ros2_ws/install/px4_offboard_baseline/bin'
[2.714s] Level 1:colcon.colcon_core.environment:create_environment_scripts_only(px4_offboard_baseline)
[2.715s] INFO:colcon.colcon_core.shell:Creating package script '/home/dolphiinn/ros2_ws/install/px4_offboard_baseline/share/px4_offboard_baseline/package.ps1'
[2.718s] INFO:colcon.colcon_core.shell:Creating package descriptor '/home/dolphiinn/ros2_ws/install/px4_offboard_baseline/share/px4_offboard_baseline/package.dsv'
[2.719s] INFO:colcon.colcon_core.shell:Creating package script '/home/dolphiinn/ros2_ws/install/px4_offboard_baseline/share/px4_offboard_baseline/package.sh'
[2.721s] INFO:colcon.colcon_core.shell:Creating package script '/home/dolphiinn/ros2_ws/install/px4_offboard_baseline/share/px4_offboard_baseline/package.bash'
[2.722s] INFO:colcon.colcon_core.shell:Creating package script '/home/dolphiinn/ros2_ws/install/px4_offboard_baseline/share/px4_offboard_baseline/package.zsh'
[2.724s] Level 1:colcon.colcon_core.environment:create_file_with_runtime_dependencies(/home/dolphiinn/ros2_ws/install/px4_offboard_baseline/share/colcon-core/packages/px4_offboard_baseline)
[2.725s] DEBUG:colcon.colcon_parallel_executor.executor.parallel:closing loop
[2.725s] DEBUG:colcon.colcon_parallel_executor.executor.parallel:loop closed
[2.725s] DEBUG:colcon.colcon_parallel_executor.executor.parallel:run_until_complete finished with '0'
[2.725s] DEBUG:colcon.colcon_core.event_reactor:joining thread
[2.733s] INFO:colcon.colcon_core.plugin_system:Skipping extension 'colcon_notification.desktop_notification.terminal_notifier': Not used on non-Darwin systems
[2.734s] INFO:colcon.colcon_core.plugin_system:Skipping extension 'colcon_notification.desktop_notification.win32': Not used on non-Windows systems
[2.734s] INFO:colcon.colcon_notification.desktop_notification:Sending desktop notification using 'notify2'
[2.754s] DEBUG:colcon.colcon_core.event_reactor:joined thread
[2.754s] INFO:colcon.colcon_core.shell:Creating prefix script '/home/dolphiinn/ros2_ws/install/local_setup.ps1'
[2.756s] INFO:colcon.colcon_core.shell:Creating prefix util module '/home/dolphiinn/ros2_ws/install/_local_setup_util_ps1.py'
[2.758s] INFO:colcon.colcon_core.shell:Creating prefix chain script '/home/dolphiinn/ros2_ws/install/setup.ps1'
[2.761s] INFO:colcon.colcon_core.shell:Creating prefix script '/home/dolphiinn/ros2_ws/install/local_setup.sh'
[2.762s] INFO:colcon.colcon_core.shell:Creating prefix util module '/home/dolphiinn/ros2_ws/install/_local_setup_util_sh.py'
[2.763s] INFO:colcon.colcon_core.shell:Creating prefix chain script '/home/dolphiinn/ros2_ws/install/setup.sh'
[2.765s] INFO:colcon.colcon_core.shell:Creating prefix script '/home/dolphiinn/ros2_ws/install/local_setup.bash'
[2.766s] INFO:colcon.colcon_core.shell:Creating prefix chain script '/home/dolphiinn/ros2_ws/install/setup.bash'
[2.768s] INFO:colcon.colcon_core.shell:Creating prefix script '/home/dolphiinn/ros2_ws/install/local_setup.zsh'
[2.769s] INFO:colcon.colcon_core.shell:Creating prefix chain script '/home/dolphiinn/ros2_ws/install/setup.zsh'
